// Jest Snapshot v1, https://goo.gl/fbAQLP

exports[`HomePage should show loading when initially rendered 1`] = `
<DocumentFragment>
  <div
    class="body-padding home-page"
  >
    Loading...
  </div>
</DocumentFragment>
`;
